../Core/Src/main.c:176:5:_write	24	static
../Core/Src/main.c:186:13:DWT_Init	4	static
../Core/Src/main.c:192:13:delay_us	24	static
../Core/Src/main.c:202:14:ultrasonic_read	48	static
../Core/Src/main.c:226:17:read_ir	8	static
../Core/Src/main.c:236:14:nav_cm	16	static
../Core/Src/main.c:241:13:servo_config_50hz	48	static
../Core/Src/main.c:256:13:servo_set_us	16	static
../Core/Src/main.c:264:13:servo_sweep_update	32	static
../Core/Src/main.c:282:13:m1_set_pwm	16	static
../Core/Src/main.c:289:13:m1_forward	16	static
../Core/Src/main.c:297:13:m1_backward	16	static
../Core/Src/main.c:306:13:m1_stop	8	static
../Core/Src/main.c:312:13:m2_forward	8	static
../Core/Src/main.c:319:13:m2_backward	8	static
../Core/Src/main.c:326:13:m2_stop	8	static
../Core/Src/main.c:332:13:motors_stop	8	static
../Core/Src/main.c:333:13:motors_forward	16	static
../Core/Src/main.c:334:13:motors_backward	16	static
../Core/Src/main.c:335:13:motors_pivot_left	8	static
../Core/Src/main.c:336:13:motors_pivot_right	8	static
../Core/Src/main.c:338:13:motors_steer_left	8	static
../Core/Src/main.c:339:13:motors_steer_right	8	static
../Core/Src/main.c:344:13:alert_update	56	static
../Core/Src/main.c:448:13:nav_set	16	static
../Core/Src/main.c:454:17:nav_elapsed	8	static
../Core/Src/main.c:456:13:nav_update	80	static
../Core/Src/main.c:617:13:gap_delay	24	static
../Core/Src/main.c:630:5:main	160	static
../Core/Src/main.c:730:6:SystemClock_Config	88	static
../Core/Src/main.c:760:13:MX_ADC1_Init	24	static
../Core/Src/main.c:782:13:MX_I2C1_Init	8	static
../Core/Src/main.c:800:13:MX_TIM1_Init	96	static
../Core/Src/main.c:848:13:MX_TIM3_Init	64	static
../Core/Src/main.c:883:13:MX_USART2_UART_Init	8	static
../Core/Src/main.c:899:13:MX_GPIO_Init	40	static
../Core/Src/main.c:976:6:Error_Handler	4	static,ignoring_inline_asm
