../Core/Src/main.c:130:5:_write	24	static
../Core/Src/main.c:182:6:DWT_Init	4	static
../Core/Src/main.c:188:6:delay_us	24	static
../Core/Src/main.c:196:7:ultrasonic_read	56	static
../Core/Src/main.c:227:10:read_ir	8	static
../Core/Src/main.c:239:13:imu_sda_write	16	static
../Core/Src/main.c:244:13:imu_scl_write	16	static
../Core/Src/main.c:249:22:imu_sda_read	8	static
../Core/Src/main.c:254:13:imu_i2c_delay	8	static
../Core/Src/main.c:259:13:imu_soft_i2c_gpio_init	32	static
../Core/Src/main.c:275:13:imu_i2c_start	8	static
../Core/Src/main.c:285:13:imu_i2c_stop	8	static
../Core/Src/main.c:295:13:imu_i2c_write_bit	16	static
../Core/Src/main.c:305:16:imu_i2c_read_bit	16	static
../Core/Src/main.c:318:16:imu_i2c_write_byte	24	static
../Core/Src/main.c:329:16:imu_i2c_read_byte	32	static
../Core/Src/main.c:342:16:imu_soft_probe	24	static
../Core/Src/main.c:351:16:imu_soft_read_reg	16	static
../Core/Src/main.c:367:17:imu_detect_address	8	static
../Core/Src/main.c:378:13:i2c_scan_print	16	static
../Core/Src/main.c:395:9:imu_whoami	16	static
../Core/Src/main.c:419:15:servo_config_50hz_1us_ticks	48	static
../Core/Src/main.c:443:15:servo_set_pulse_us	16	static
../Core/Src/main.c:451:15:servo_update_5s	16	static
../Core/Src/main.c:464:14:min_valid_distance_cm2	32	static
../Core/Src/main.c:479:13:update_proximity_output	40	static
../Core/Src/main.c:512:13:alert_update	40	static
../Core/Src/main.c:540:13:motor1_set_pwm	16	static
../Core/Src/main.c:548:13:motor1_update_from_us1	16	static
../Core/Src/main.c:558:13:motor2_always_on	8	static
../Core/Src/main.c:571:5:main	144	static
../Core/Src/main.c:683:6:SystemClock_Config	88	static
../Core/Src/main.c:729:13:MX_ADC1_Init	24	static
../Core/Src/main.c:776:13:MX_I2C1_Init	8	static
../Core/Src/main.c:810:13:MX_TIM1_Init	96	static
../Core/Src/main.c:884:13:MX_TIM3_Init	64	static
../Core/Src/main.c:947:13:MX_USART3_UART_Init	8	static
../Core/Src/main.c:980:13:MX_GPIO_Init	40	static
../Core/Src/main.c:1119:6:Error_Handler	4	static,ignoring_inline_asm
