../Core/Src/main.c:106:5:_write	24	static
../Core/Src/main.c:151:6:DWT_Init	4	static
../Core/Src/main.c:157:6:delay_us	24	static
../Core/Src/main.c:165:7:ultrasonic_read	56	static
../Core/Src/main.c:202:10:read_ir	8	static
../Core/Src/main.c:218:17:imu_detect_address	8	static
../Core/Src/main.c:233:13:i2c_scan_print	16	static
../Core/Src/main.c:256:9:imu_whoami	32	static
../Core/Src/main.c:279:14:min_valid_distance_cm2	32	static
../Core/Src/main.c:298:13:update_proximity_output	40	static
../Core/Src/main.c:333:13:alert_update	40	static
../Core/Src/main.c:382:13:motor1_set_pwm	16	static
../Core/Src/main.c:397:13:motor1_update_from_us1	16	static
../Core/Src/main.c:415:5:main	144	static
../Core/Src/main.c:536:6:SystemClock_Config	88	static
../Core/Src/main.c:582:13:MX_ADC1_Init	24	static
../Core/Src/main.c:629:13:MX_I2C1_Init	8	static
../Core/Src/main.c:663:13:MX_TIM3_Init	64	static
../Core/Src/main.c:726:13:MX_USART2_UART_Init	8	static
../Core/Src/main.c:759:13:MX_USART3_UART_Init	8	static
../Core/Src/main.c:792:13:MX_GPIO_Init	40	static
../Core/Src/main.c:905:6:Error_Handler	4	static,ignoring_inline_asm
