../Core/Src/main.c:116:5:_write	1
../Core/Src/main.c:161:6:DWT_Init	1
../Core/Src/main.c:167:6:delay_us	2
../Core/Src/main.c:175:7:ultrasonic_read	7
../Core/Src/main.c:206:10:read_ir	3
../Core/Src/main.c:218:17:imu_detect_address	3
../Core/Src/main.c:229:13:i2c_scan_print	4
../Core/Src/main.c:246:9:imu_whoami	4
../Core/Src/main.c:268:14:min_valid_distance_cm2	5
../Core/Src/main.c:283:13:update_proximity_output	5
../Core/Src/main.c:316:13:alert_update	3
../Core/Src/main.c:344:13:motor1_set_pwm	3
../Core/Src/main.c:352:13:motor1_update_from_us1	1
../Core/Src/main.c:362:13:motor2_set_pwm	3
../Core/Src/main.c:370:13:motor2_always_on	1
../Core/Src/main.c:384:5:main	4
../Core/Src/main.c:481:6:SystemClock_Config	4
../Core/Src/main.c:511:13:MX_ADC1_Init	3
../Core/Src/main.c:533:13:MX_I2C1_Init	2
../Core/Src/main.c:550:13:MX_TIM3_Init	7
../Core/Src/main.c:585:13:MX_TIM4_Init	7
../Core/Src/main.c:620:13:MX_USART2_UART_Init	2
../Core/Src/main.c:636:13:MX_USART3_UART_Init	2
../Core/Src/main.c:652:13:MX_GPIO_Init	1
../Core/Src/main.c:759:6:Error_Handler	1
