../Core/Src/main.c:102:5:_write	24	static
../Core/Src/main.c:147:6:DWT_Init	4	static
../Core/Src/main.c:153:6:delay_us	24	static
../Core/Src/main.c:161:7:ultrasonic_read	56	static
../Core/Src/main.c:198:10:read_ir	8	static
../Core/Src/main.c:214:17:imu_detect_address	8	static
../Core/Src/main.c:229:13:i2c_scan_print	16	static
../Core/Src/main.c:252:9:imu_whoami	32	static
../Core/Src/main.c:275:14:min_valid_distance_cm2	32	static
../Core/Src/main.c:294:13:update_proximity_output	40	static
../Core/Src/main.c:329:13:alert_update	40	static
../Core/Src/main.c:377:15:motor1_set_pwm	16	static
../Core/Src/main.c:393:15:motor1_update_from_us1	16	static
../Core/Src/main.c:411:5:main	144	static
../Core/Src/main.c:532:6:SystemClock_Config	88	static
../Core/Src/main.c:578:13:MX_ADC1_Init	24	static
../Core/Src/main.c:625:13:MX_I2C1_Init	8	static
../Core/Src/main.c:659:13:MX_TIM3_Init	64	static
../Core/Src/main.c:722:13:MX_USART2_UART_Init	8	static
../Core/Src/main.c:755:13:MX_USART3_UART_Init	8	static
../Core/Src/main.c:788:13:MX_GPIO_Init	40	static
../Core/Src/main.c:901:6:Error_Handler	4	static,ignoring_inline_asm
