../Core/Src/main.c:40:5:_write	24	static
../Core/Src/main.c:78:6:DWT_Init	4	static
../Core/Src/main.c:84:6:delay_us	24	static
../Core/Src/main.c:92:7:ultrasonic_read	56	static
../Core/Src/main.c:129:10:read_ir	8	static
../Core/Src/main.c:145:17:imu_detect_address	8	static
../Core/Src/main.c:160:13:i2c_scan_print	16	static
../Core/Src/main.c:183:9:imu_whoami	32	static
../Core/Src/main.c:213:6:SystemClock_Config	88	static
../Core/Src/main.c:262:13:MX_GPIO_Init	40	static
../Core/Src/main.c:324:13:MX_ADC1_Init	24	static
../Core/Src/main.c:351:13:MX_I2C1_Init	8	static
../Core/Src/main.c:369:13:MX_USART2_UART_Init	8	static
../Core/Src/main.c:386:5:main	160	static
../Core/Src/main.c:499:6:Error_Handler	4	static,ignoring_inline_asm
