../Core/Src/main.c:47:5:_write	24	static
../Core/Src/main.c:90:6:DWT_Init	4	static
../Core/Src/main.c:96:6:delay_us	24	static
../Core/Src/main.c:104:7:ultrasonic_read	56	static
../Core/Src/main.c:141:10:read_ir	8	static
../Core/Src/main.c:157:17:imu_detect_address	8	static
../Core/Src/main.c:172:13:i2c_scan_print	16	static
../Core/Src/main.c:195:9:imu_whoami	32	static
../Core/Src/main.c:218:14:min_valid_distance_cm	56	static
../Core/Src/main.c:237:13:buzzer_update	32	static
../Core/Src/main.c:286:6:SystemClock_Config	88	static
../Core/Src/main.c:335:13:MX_GPIO_Init	40	static
../Core/Src/main.c:405:13:MX_ADC1_Init	24	static
../Core/Src/main.c:432:13:MX_I2C1_Init	8	static
../Core/Src/main.c:450:13:MX_USART2_UART_Init	8	static
../Core/Src/main.c:467:5:main	152	static
../Core/Src/main.c:573:6:Error_Handler	4	static,ignoring_inline_asm
