../Core/Src/main.c:87:5:_write	24	static
../Core/Src/main.c:132:6:DWT_Init	4	static
../Core/Src/main.c:138:6:delay_us	24	static
../Core/Src/main.c:146:7:ultrasonic_read	56	static
../Core/Src/main.c:183:10:read_ir	8	static
../Core/Src/main.c:199:17:imu_detect_address	8	static
../Core/Src/main.c:214:13:i2c_scan_print	16	static
../Core/Src/main.c:237:9:imu_whoami	32	static
../Core/Src/main.c:260:14:min_valid_distance_cm2	32	static
../Core/Src/main.c:279:13:update_proximity_output	40	static
../Core/Src/main.c:314:13:alert_update	40	static
../Core/Src/main.c:367:5:main	144	static
../Core/Src/main.c:484:6:SystemClock_Config	88	static
../Core/Src/main.c:530:13:MX_ADC1_Init	24	static
../Core/Src/main.c:577:13:MX_I2C1_Init	8	static
../Core/Src/main.c:611:13:MX_TIM3_Init	64	static
../Core/Src/main.c:674:13:MX_USART2_UART_Init	8	static
../Core/Src/main.c:707:13:MX_USART3_UART_Init	8	static
../Core/Src/main.c:740:13:MX_GPIO_Init	40	static
../Core/Src/main.c:850:6:Error_Handler	4	static,ignoring_inline_asm
