../Core/Src/main.c:191:5:_write	24	static
../Core/Src/main.c:203:14:ultrasonic_read	48	static
../Core/Src/main.c:215:17:read_ir	8	static
../Core/Src/main.c:224:14:nav_cm	16	static
../Core/Src/main.c:226:13:nav_set	16	static
../Core/Src/main.c:232:17:nav_elapsed	8	static
../Core/Src/main.c:239:13:m1_set_duty	16	static
../Core/Src/main.c:246:13:m1_forward	16	static
../Core/Src/main.c:253:13:m1_backward	16	static
../Core/Src/main.c:260:13:m1_stop	8	static
../Core/Src/main.c:263:13:m2_forward	8	static
../Core/Src/main.c:270:13:m2_backward	8	static
../Core/Src/main.c:277:13:m2_stop	8	static
../Core/Src/main.c:283:13:motors_forward	16	static
../Core/Src/main.c:284:13:motors_backward	16	static
../Core/Src/main.c:285:13:motors_stop	8	static
../Core/Src/main.c:288:13:motors_pivot_left	8	static
../Core/Src/main.c:290:13:motors_pivot_right	8	static
../Core/Src/main.c:293:13:motors_steer_left	8	static
../Core/Src/main.c:294:13:motors_steer_right	8	static
../Core/Src/main.c:299:13:servo_config_50hz	48	static
../Core/Src/main.c:314:13:servo_set_us	16	static
../Core/Src/main.c:322:13:servo_do_sweep	32	static
../Core/Src/main.c:349:13:servo_update	40	static
../Core/Src/main.c:409:13:alert_update	48	static
../Core/Src/main.c:497:13:nav_update	80	static
../Core/Src/main.c:685:13:gap_delay	24	static
../Core/Src/main.c:698:5:main	160	static
../Core/Src/main.c:801:6:SystemClock_Config	88	static
../Core/Src/main.c:831:13:MX_ADC1_Init	24	static
../Core/Src/main.c:853:13:MX_I2C1_Init	8	static
../Core/Src/main.c:871:13:MX_TIM1_Init	96	static
../Core/Src/main.c:921:13:MX_TIM3_Init	64	static
../Core/Src/main.c:959:13:MX_USART2_UART_Init	8	static
../Core/Src/main.c:975:13:MX_GPIO_Init	40	static
../Core/Src/main.c:1051:6:Error_Handler	4	static,ignoring_inline_asm
