../Core/Src/main.c:190:5:_write	24	static
../Core/Src/main.c:202:14:ultrasonic_read	48	static
../Core/Src/main.c:214:17:read_ir	8	static
../Core/Src/main.c:223:14:nav_cm	16	static
../Core/Src/main.c:225:13:nav_set	16	static
../Core/Src/main.c:231:17:nav_elapsed	8	static
../Core/Src/main.c:238:13:m1_set_duty	16	static
../Core/Src/main.c:245:13:m1_forward	16	static
../Core/Src/main.c:252:13:m1_backward	16	static
../Core/Src/main.c:259:13:m1_stop	8	static
../Core/Src/main.c:262:13:m2_forward	8	static
../Core/Src/main.c:269:13:m2_backward	8	static
../Core/Src/main.c:276:13:m2_stop	8	static
../Core/Src/main.c:282:13:motors_forward	16	static
../Core/Src/main.c:283:13:motors_backward	16	static
../Core/Src/main.c:284:13:motors_stop	8	static
../Core/Src/main.c:287:13:motors_pivot_left	8	static
../Core/Src/main.c:289:13:motors_pivot_right	8	static
../Core/Src/main.c:292:13:motors_steer_left	8	static
../Core/Src/main.c:293:13:motors_steer_right	8	static
../Core/Src/main.c:298:13:servo_config_50hz	48	static
../Core/Src/main.c:313:13:servo_set_us	16	static
../Core/Src/main.c:321:13:servo_do_sweep	32	static
../Core/Src/main.c:348:13:servo_update	40	static
../Core/Src/main.c:408:13:alert_update	48	static
../Core/Src/main.c:496:13:nav_update	80	static
../Core/Src/main.c:677:13:gap_delay	24	static
../Core/Src/main.c:690:5:main	160	static
../Core/Src/main.c:793:6:SystemClock_Config	88	static
../Core/Src/main.c:823:13:MX_ADC1_Init	24	static
../Core/Src/main.c:845:13:MX_I2C1_Init	8	static
../Core/Src/main.c:863:13:MX_TIM1_Init	96	static
../Core/Src/main.c:913:13:MX_TIM3_Init	64	static
../Core/Src/main.c:951:13:MX_USART2_UART_Init	8	static
../Core/Src/main.c:967:13:MX_GPIO_Init	40	static
../Core/Src/main.c:1043:6:Error_Handler	4	static,ignoring_inline_asm
