../Core/Src/main.c:116:5:_write	24	static
../Core/Src/main.c:161:6:DWT_Init	4	static
../Core/Src/main.c:167:6:delay_us	24	static
../Core/Src/main.c:175:7:ultrasonic_read	56	static
../Core/Src/main.c:206:10:read_ir	8	static
../Core/Src/main.c:218:17:imu_detect_address	8	static
../Core/Src/main.c:229:13:i2c_scan_print	16	static
../Core/Src/main.c:246:9:imu_whoami	32	static
../Core/Src/main.c:268:14:min_valid_distance_cm2	32	static
../Core/Src/main.c:283:13:update_proximity_output	40	static
../Core/Src/main.c:316:13:alert_update	40	static
../Core/Src/main.c:344:13:motor1_set_pwm	16	static
../Core/Src/main.c:352:13:motor1_update_from_us1	16	static
../Core/Src/main.c:362:13:motor2_set_pwm	16	static
../Core/Src/main.c:370:13:motor2_always_on	8	static
../Core/Src/main.c:384:5:main	144	static
../Core/Src/main.c:481:6:SystemClock_Config	88	static
../Core/Src/main.c:511:13:MX_ADC1_Init	24	static
../Core/Src/main.c:533:13:MX_I2C1_Init	8	static
../Core/Src/main.c:550:13:MX_TIM3_Init	64	static
../Core/Src/main.c:585:13:MX_TIM4_Init	64	static
../Core/Src/main.c:620:13:MX_USART2_UART_Init	8	static
../Core/Src/main.c:636:13:MX_USART3_UART_Init	8	static
../Core/Src/main.c:652:13:MX_GPIO_Init	40	static
../Core/Src/main.c:759:6:Error_Handler	4	static,ignoring_inline_asm
