../Core/Src/main.c:191:5:_write	24	static
../Core/Src/main.c:203:14:ultrasonic_read	48	static
../Core/Src/main.c:215:17:read_ir	8	static
../Core/Src/main.c:224:17:c_adc1_read	16	static
../Core/Src/main.c:259:13:c_dwt_init	4	static
../Core/Src/main.c:269:13:c_delay_us	24	static
../Core/Src/main.c:278:17:c_ultrasonic_ticks	48	static
../Core/Src/main.c:318:13:c_gpio_set	24	static
../Core/Src/main.c:324:13:c_gpio_reset	24	static
../Core/Src/main.c:330:13:c_tim_set_ccr	32	static
../Core/Src/main.c:337:24:dwt_get_cycles	4	static
../Core/Src/main.c:343:13:perf_test	344	static
../Core/Src/main.c:515:14:nav_cm	16	static
../Core/Src/main.c:517:13:nav_set	16	static
../Core/Src/main.c:523:17:nav_elapsed	8	static
../Core/Src/main.c:530:13:m1_set_duty	16	static
../Core/Src/main.c:537:13:m1_forward	16	static
../Core/Src/main.c:544:13:m1_backward	16	static
../Core/Src/main.c:551:13:m1_stop	8	static
../Core/Src/main.c:554:13:m2_forward	8	static
../Core/Src/main.c:561:13:m2_backward	8	static
../Core/Src/main.c:568:13:m2_stop	8	static
../Core/Src/main.c:574:13:motors_forward	16	static
../Core/Src/main.c:575:13:motors_backward	16	static
../Core/Src/main.c:576:13:motors_stop	8	static
../Core/Src/main.c:579:13:motors_pivot_left	8	static
../Core/Src/main.c:581:13:motors_pivot_right	8	static
../Core/Src/main.c:584:13:motors_steer_left	8	static
../Core/Src/main.c:585:13:motors_steer_right	8	static
../Core/Src/main.c:590:13:servo_config_50hz	48	static
../Core/Src/main.c:605:13:servo_set_us	16	static
../Core/Src/main.c:613:13:servo_do_sweep	32	static
../Core/Src/main.c:640:13:servo_update	40	static
../Core/Src/main.c:700:13:alert_update	48	static
../Core/Src/main.c:788:13:nav_update	80	static
../Core/Src/main.c:976:13:gap_delay	24	static
../Core/Src/main.c:989:5:main	160	static
../Core/Src/main.c:1099:6:SystemClock_Config	88	static
../Core/Src/main.c:1129:13:MX_ADC1_Init	24	static
../Core/Src/main.c:1151:13:MX_I2C1_Init	8	static
../Core/Src/main.c:1169:13:MX_TIM1_Init	96	static
../Core/Src/main.c:1219:13:MX_TIM3_Init	64	static
../Core/Src/main.c:1257:13:MX_USART2_UART_Init	8	static
../Core/Src/main.c:1273:13:MX_GPIO_Init	40	static
../Core/Src/main.c:1349:6:Error_Handler	4	static,ignoring_inline_asm
