../Core/Src/main.c:164:5:_write	24	static
../Core/Src/main.c:174:13:DWT_Init	4	static
../Core/Src/main.c:180:13:delay_us	24	static
../Core/Src/main.c:190:14:ultrasonic_read	48	static
../Core/Src/main.c:214:17:read_ir	8	static
../Core/Src/main.c:224:14:nav_cm	16	static
../Core/Src/main.c:229:13:servo_config_50hz	48	static
../Core/Src/main.c:244:13:servo_set_us	16	static
../Core/Src/main.c:252:13:servo_sweep_update	32	static
../Core/Src/main.c:270:13:m1_set_pwm	16	static
../Core/Src/main.c:277:13:m1_forward	16	static
../Core/Src/main.c:285:13:m1_backward	16	static
../Core/Src/main.c:294:13:m1_stop	8	static
../Core/Src/main.c:300:13:m2_forward	8	static
../Core/Src/main.c:307:13:m2_backward	8	static
../Core/Src/main.c:314:13:m2_stop	8	static
../Core/Src/main.c:320:13:motors_stop	8	static
../Core/Src/main.c:321:13:motors_forward	16	static
../Core/Src/main.c:322:13:motors_backward	16	static
../Core/Src/main.c:323:13:motors_pivot_left	8	static
../Core/Src/main.c:324:13:motors_pivot_right	8	static
../Core/Src/main.c:326:13:motors_steer_left	8	static
../Core/Src/main.c:327:13:motors_steer_right	8	static
../Core/Src/main.c:332:13:alert_update	24	static
../Core/Src/main.c:376:13:nav_set	16	static
../Core/Src/main.c:382:17:nav_elapsed	8	static
../Core/Src/main.c:384:13:nav_update	48	static
../Core/Src/main.c:436:13:gap_delay	24	static
../Core/Src/main.c:448:5:main	120	static
../Core/Src/main.c:538:6:SystemClock_Config	88	static
../Core/Src/main.c:568:13:MX_ADC1_Init	24	static
../Core/Src/main.c:590:13:MX_I2C1_Init	8	static
../Core/Src/main.c:608:13:MX_TIM1_Init	96	static
../Core/Src/main.c:656:13:MX_TIM3_Init	64	static
../Core/Src/main.c:691:13:MX_USART2_UART_Init	8	static
../Core/Src/main.c:707:13:MX_GPIO_Init	40	static
../Core/Src/main.c:784:6:Error_Handler	4	static,ignoring_inline_asm
