../Core/Src/main.c:48:5:_write	24	static
../Core/Src/main.c:93:6:DWT_Init	4	static
../Core/Src/main.c:99:6:delay_us	24	static
../Core/Src/main.c:107:7:ultrasonic_read	56	static
../Core/Src/main.c:144:10:read_ir	8	static
../Core/Src/main.c:160:17:imu_detect_address	8	static
../Core/Src/main.c:175:13:i2c_scan_print	16	static
../Core/Src/main.c:198:9:imu_whoami	32	static
../Core/Src/main.c:221:14:min_valid_distance_cm2	32	static
../Core/Src/main.c:240:13:update_proximity_output	40	static
../Core/Src/main.c:275:13:alert_update	40	static
../Core/Src/main.c:330:6:SystemClock_Config	88	static
../Core/Src/main.c:379:13:MX_GPIO_Init	40	static
../Core/Src/main.c:457:13:MX_ADC1_Init	24	static
../Core/Src/main.c:484:13:MX_I2C1_Init	8	static
../Core/Src/main.c:502:13:MX_USART2_UART_Init	8	static
../Core/Src/main.c:519:5:main	144	static
../Core/Src/main.c:622:6:Error_Handler	4	static,ignoring_inline_asm
