../Core/Src/main.c:129:5:_write	24	static
../Core/Src/main.c:136:13:uart2_tx_str	16	static
../Core/Src/main.c:189:6:DWT_Init	4	static
../Core/Src/main.c:195:6:delay_us	24	static
../Core/Src/main.c:203:7:ultrasonic_read	56	static
../Core/Src/main.c:234:10:read_ir	8	static
../Core/Src/main.c:428:15:servo_config_50hz_1us_ticks	48	static
../Core/Src/main.c:452:15:servo_set_pulse_us	16	static
../Core/Src/main.c:460:15:servo_update_pattern	16	static
../Core/Src/main.c:488:14:min_valid_distance_cm2	32	static
../Core/Src/main.c:503:13:update_proximity_output	40	static
../Core/Src/main.c:536:13:alert_update	48	static
../Core/Src/main.c:572:13:motor1_set_pwm	16	static
../Core/Src/main.c:580:13:motor1_update_from_us1	16	static
../Core/Src/main.c:590:13:motor2_always_on	8	static
../Core/Src/main.c:603:5:main	144	static
../Core/Src/main.c:686:6:SystemClock_Config	88	static
../Core/Src/main.c:732:13:MX_ADC1_Init	24	static
../Core/Src/main.c:779:13:MX_I2C1_Init	8	static
../Core/Src/main.c:813:13:MX_TIM1_Init	96	static
../Core/Src/main.c:887:13:MX_TIM3_Init	64	static
../Core/Src/main.c:950:13:MX_USART2_UART_Init	8	static
../Core/Src/main.c:983:13:MX_GPIO_Init	40	static
../Core/Src/main.c:1107:6:Error_Handler	4	static,ignoring_inline_asm
